// Jest Snapshot v1, https://goo.gl/fbAQLP

exports[`Test in Login Debe hacer render correct 1`] = `
<div
  className="login-container"
>
  <div
    className="container"
  >
    <h1>
      Logi
    </h1>
    <hr />
    <button
      className="btn btn-primary"
      onClick={[Function]}
    >
      Login
    </button>
  </div>
</div>
`;
