// Jest Snapshot v1, https://goo.gl/fbAQLP

exports[`Test in AppRoute  Debe mostrar login si no esta autenticado 1`] = `
<div>
  <div
    className="login-container"
  >
    <div
      className="container"
    >
      <h1>
        Logi
      </h1>
      <hr />
      <button
        className="btn btn-primary"
        onClick={[Function]}
      >
        Login
      </button>
    </div>
  </div>
</div>
`;
